src/components/RiskPanel.tsx(647,4): error TS1160: Unterminated template literal.
